69.212.60.245 - - [18/Apr/2020:15:27:21 +0000] "GET / HTTP/1.0" 200 16348 "-" "Mozilla/5.0 (Windows NT 10.0; Win64; x64; rv:75.0) Gecko/20100101 Firefox/75.0"
69.212.60.245 - - [18/Apr/2020:15:27:23 +0000] "GET /static/admin/css/fonts.css HTTP/1.0" 404 2033 "http://dvateam128.webfactional.com/" "Mozilla/5.0 (Windows NT 10.0; Win64; x64; rv:75.0) Gecko/20100101 Firefox/75.0"
69.212.60.245 - - [18/Apr/2020:15:28:28 +0000] "GET / HTTP/1.0" 500 531 "-" "Mozilla/5.0 (Windows NT 10.0; Win64; x64; rv:75.0) Gecko/20100101 Firefox/75.0"
69.212.60.245 - - [18/Apr/2020:15:29:24 +0000] "GET / HTTP/1.0" 500 531 "-" "Mozilla/5.0 (Windows NT 10.0; Win64; x64; rv:75.0) Gecko/20100101 Firefox/75.0"
69.212.60.245 - - [18/Apr/2020:15:31:27 +0000] "GET / HTTP/1.0" 500 531 "-" "Mozilla/5.0 (Windows NT 10.0; Win64; x64; rv:75.0) Gecko/20100101 Firefox/75.0"
69.212.60.245 - - [18/Apr/2020:15:34:23 +0000] "GET / HTTP/1.0" 500 531 "-" "Mozilla/5.0 (Windows NT 10.0; Win64; x64; rv:75.0) Gecko/20100101 Firefox/75.0"
69.212.60.245 - - [18/Apr/2020:15:34:23 +0000] "GET /favicon.ico HTTP/1.0" 500 531 "-" "Mozilla/5.0 (Windows NT 10.0; Win64; x64; rv:75.0) Gecko/20100101 Firefox/75.0"
69.212.60.245 - - [18/Apr/2020:15:34:24 +0000] "GET / HTTP/1.0" 500 531 "-" "Mozilla/5.0 (Windows NT 10.0; Win64; x64; rv:75.0) Gecko/20100101 Firefox/75.0"
69.212.60.245 - - [18/Apr/2020:15:34:53 +0000] "GET / HTTP/1.0" 200 16348 "-" "Mozilla/5.0 (Windows NT 10.0; Win64; x64; rv:75.0) Gecko/20100101 Firefox/75.0"
69.212.60.245 - - [18/Apr/2020:15:34:54 +0000] "GET /static/admin/css/fonts.css HTTP/1.0" 404 2033 "http://dvateam128.webfactional.com/" "Mozilla/5.0 (Windows NT 10.0; Win64; x64; rv:75.0) Gecko/20100101 Firefox/75.0"
69.212.60.245 - - [18/Apr/2020:15:35:41 +0000] "GET / HTTP/1.0" 500 531 "-" "Mozilla/5.0 (Windows NT 10.0; Win64; x64; rv:75.0) Gecko/20100101 Firefox/75.0"
69.212.60.245 - - [18/Apr/2020:22:10:38 +0000] "GET / HTTP/1.0" 500 531 "-" "Mozilla/5.0 (Windows NT 10.0; Win64; x64; rv:75.0) Gecko/20100101 Firefox/75.0"
69.212.60.245 - - [18/Apr/2020:22:15:45 +0000] "GET / HTTP/1.0" 200 16348 "-" "Mozilla/5.0 (Windows NT 10.0; Win64; x64; rv:75.0) Gecko/20100101 Firefox/75.0"
69.212.60.245 - - [18/Apr/2020:22:15:46 +0000] "GET /static/admin/css/fonts.css HTTP/1.0" 404 2033 "http://dvateam128.webfactional.com/" "Mozilla/5.0 (Windows NT 10.0; Win64; x64; rv:75.0) Gecko/20100101 Firefox/75.0"
69.212.60.245 - - [18/Apr/2020:22:16:06 +0000] "GET /anguajif HTTP/1.0" 404 1979 "-" "Mozilla/5.0 (Windows NT 10.0; Win64; x64; rv:75.0) Gecko/20100101 Firefox/75.0"
69.212.60.245 - - [18/Apr/2020:22:21:45 +0000] "GET /anguajif HTTP/1.0" 404 1979 "-" "Mozilla/5.0 (Windows NT 10.0; Win64; x64; rv:75.0) Gecko/20100101 Firefox/75.0"
69.212.60.245 - - [18/Apr/2020:22:21:48 +0000] "GET / HTTP/1.0" 200 16348 "-" "Mozilla/5.0 (Windows NT 10.0; Win64; x64; rv:75.0) Gecko/20100101 Firefox/75.0"
69.212.60.245 - - [18/Apr/2020:22:21:48 +0000] "GET /static/admin/css/fonts.css HTTP/1.0" 404 2033 "http://dvateam128.webfactional.com/" "Mozilla/5.0 (Windows NT 10.0; Win64; x64; rv:75.0) Gecko/20100101 Firefox/75.0"
69.212.60.245 - - [18/Apr/2020:22:23:40 +0000] "GET / HTTP/1.0" 500 531 "-" "Mozilla/5.0 (Windows NT 10.0; Win64; x64; rv:75.0) Gecko/20100101 Firefox/75.0"
69.212.60.245 - - [18/Apr/2020:22:26:15 +0000] "GET / HTTP/1.0" 500 531 "-" "Mozilla/5.0 (Windows NT 10.0; Win64; x64; rv:75.0) Gecko/20100101 Firefox/75.0"
69.212.60.245 - - [18/Apr/2020:22:26:15 +0000] "GET /favicon.ico HTTP/1.0" 500 531 "-" "Mozilla/5.0 (Windows NT 10.0; Win64; x64; rv:75.0) Gecko/20100101 Firefox/75.0"
69.212.60.245 - - [18/Apr/2020:22:26:33 +0000] "GET / HTTP/1.0" 500 531 "-" "Mozilla/5.0 (Windows NT 10.0; Win64; x64; rv:75.0) Gecko/20100101 Firefox/75.0"
69.212.60.245 - - [18/Apr/2020:22:26:33 +0000] "GET /favicon.ico HTTP/1.0" 500 531 "-" "Mozilla/5.0 (Windows NT 10.0; Win64; x64; rv:75.0) Gecko/20100101 Firefox/75.0"
69.212.60.245 - - [18/Apr/2020:22:26:34 +0000] "GET / HTTP/1.0" 500 531 "-" "Mozilla/5.0 (Windows NT 10.0; Win64; x64; rv:75.0) Gecko/20100101 Firefox/75.0"
69.212.60.245 - - [18/Apr/2020:22:26:34 +0000] "GET /favicon.ico HTTP/1.0" 500 531 "-" "Mozilla/5.0 (Windows NT 10.0; Win64; x64; rv:75.0) Gecko/20100101 Firefox/75.0"
69.212.60.245 - - [18/Apr/2020:22:26:39 +0000] "GET / HTTP/1.0" 500 531 "-" "Mozilla/5.0 (Windows NT 10.0; Win64; x64; rv:75.0) Gecko/20100101 Firefox/75.0"
69.212.60.245 - - [18/Apr/2020:22:26:50 +0000] "GET / HTTP/1.0" 500 531 "-" "Mozilla/5.0 (Windows NT 10.0; Win64; x64; rv:75.0) Gecko/20100101 Firefox/75.0"
69.212.60.245 - - [18/Apr/2020:22:26:53 +0000] "GET / HTTP/1.0" 500 531 "-" "Mozilla/5.0 (Windows NT 10.0; Win64; x64; rv:75.0) Gecko/20100101 Firefox/75.0"
69.212.60.245 - - [18/Apr/2020:22:26:53 +0000] "GET /favicon.ico HTTP/1.0" 500 531 "-" "Mozilla/5.0 (Windows NT 10.0; Win64; x64; rv:75.0) Gecko/20100101 Firefox/75.0"
69.212.60.245 - - [18/Apr/2020:22:27:27 +0000] "GET / HTTP/1.0" 500 531 "-" "Mozilla/5.0 (Windows NT 10.0; Win64; x64; rv:75.0) Gecko/20100101 Firefox/75.0"
69.212.60.245 - - [18/Apr/2020:22:27:28 +0000] "GET / HTTP/1.0" 500 531 "-" "Mozilla/5.0 (Windows NT 10.0; Win64; x64; rv:75.0) Gecko/20100101 Firefox/75.0"
69.212.60.245 - - [18/Apr/2020:22:27:30 +0000] "GET / HTTP/1.0" 500 531 "-" "Mozilla/5.0 (Windows NT 10.0; Win64; x64; rv:75.0) Gecko/20100101 Firefox/75.0"
69.212.60.245 - - [18/Apr/2020:22:28:20 +0000] "GET / HTTP/1.0" 500 531 "-" "Mozilla/5.0 (Windows NT 10.0; Win64; x64; rv:75.0) Gecko/20100101 Firefox/75.0"
69.212.60.245 - - [18/Apr/2020:22:28:44 +0000] "GET / HTTP/1.0" 500 531 "-" "Mozilla/5.0 (Windows NT 10.0; Win64; x64; rv:75.0) Gecko/20100101 Firefox/75.0"
69.212.60.245 - - [18/Apr/2020:22:28:44 +0000] "GET /favicon.ico HTTP/1.0" 500 531 "-" "Mozilla/5.0 (Windows NT 10.0; Win64; x64; rv:75.0) Gecko/20100101 Firefox/75.0"
69.212.60.245 - - [18/Apr/2020:22:29:04 +0000] "GET / HTTP/1.0" 500 531 "-" "Mozilla/5.0 (Windows NT 10.0; Win64; x64; rv:75.0) Gecko/20100101 Firefox/75.0"
69.212.60.245 - - [18/Apr/2020:22:29:04 +0000] "GET /favicon.ico HTTP/1.0" 500 531 "-" "Mozilla/5.0 (Windows NT 10.0; Win64; x64; rv:75.0) Gecko/20100101 Firefox/75.0"
69.212.60.245 - - [18/Apr/2020:22:29:04 +0000] "GET / HTTP/1.0" 500 531 "-" "Mozilla/5.0 (Windows NT 10.0; Win64; x64; rv:75.0) Gecko/20100101 Firefox/75.0"
69.212.60.245 - - [18/Apr/2020:22:29:42 +0000] "GET / HTTP/1.0" 500 531 "-" "Mozilla/5.0 (Windows NT 10.0; Win64; x64; rv:75.0) Gecko/20100101 Firefox/75.0"
69.212.60.245 - - [18/Apr/2020:22:29:42 +0000] "GET /favicon.ico HTTP/1.0" 500 531 "-" "Mozilla/5.0 (Windows NT 10.0; Win64; x64; rv:75.0) Gecko/20100101 Firefox/75.0"
69.212.60.245 - - [18/Apr/2020:22:29:43 +0000] "GET / HTTP/1.0" 500 531 "-" "Mozilla/5.0 (Windows NT 10.0; Win64; x64; rv:75.0) Gecko/20100101 Firefox/75.0"
69.212.60.245 - - [18/Apr/2020:22:29:44 +0000] "GET /favicon.ico HTTP/1.0" 500 531 "-" "Mozilla/5.0 (Windows NT 10.0; Win64; x64; rv:75.0) Gecko/20100101 Firefox/75.0"
69.212.60.245 - - [18/Apr/2020:22:29:45 +0000] "GET / HTTP/1.0" 500 531 "-" "Mozilla/5.0 (Windows NT 10.0; Win64; x64; rv:75.0) Gecko/20100101 Firefox/75.0"
69.212.60.245 - - [18/Apr/2020:22:31:00 +0000] "GET / HTTP/1.0" 500 531 "-" "Mozilla/5.0 (Windows NT 10.0; Win64; x64; rv:75.0) Gecko/20100101 Firefox/75.0"
69.212.60.245 - - [18/Apr/2020:22:32:03 +0000] "GET / HTTP/1.0" 200 16348 "-" "Mozilla/5.0 (Windows NT 10.0; Win64; x64; rv:75.0) Gecko/20100101 Firefox/75.0"
69.212.60.245 - - [18/Apr/2020:22:32:04 +0000] "GET /static/admin/css/fonts.css HTTP/1.0" 404 2033 "http://dvateam128.webfactional.com/" "Mozilla/5.0 (Windows NT 10.0; Win64; x64; rv:75.0) Gecko/20100101 Firefox/75.0"
69.212.60.245 - - [18/Apr/2020:22:32:08 +0000] "GET / HTTP/1.0" 200 16348 "-" "Mozilla/5.0 (Windows NT 10.0; Win64; x64; rv:75.0) Gecko/20100101 Firefox/75.0"
69.212.60.245 - - [18/Apr/2020:22:32:08 +0000] "GET /static/admin/css/fonts.css HTTP/1.0" 404 2033 "http://dvateam128.webfactional.com/" "Mozilla/5.0 (Windows NT 10.0; Win64; x64; rv:75.0) Gecko/20100101 Firefox/75.0"
69.212.60.245 - - [18/Apr/2020:22:32:08 +0000] "GET /favicon.ico HTTP/1.0" 404 1988 "-" "Mozilla/5.0 (Windows NT 10.0; Win64; x64; rv:75.0) Gecko/20100101 Firefox/75.0"
69.212.60.245 - - [18/Apr/2020:22:32:09 +0000] "GET / HTTP/1.0" 200 16348 "-" "Mozilla/5.0 (Windows NT 10.0; Win64; x64; rv:75.0) Gecko/20100101 Firefox/75.0"
69.212.60.245 - - [18/Apr/2020:22:32:10 +0000] "GET /static/admin/css/fonts.css HTTP/1.0" 404 2033 "http://dvateam128.webfactional.com/" "Mozilla/5.0 (Windows NT 10.0; Win64; x64; rv:75.0) Gecko/20100101 Firefox/75.0"
69.212.60.245 - - [18/Apr/2020:22:32:10 +0000] "GET /favicon.ico HTTP/1.0" 404 1988 "-" "Mozilla/5.0 (Windows NT 10.0; Win64; x64; rv:75.0) Gecko/20100101 Firefox/75.0"
69.212.60.245 - - [18/Apr/2020:22:32:10 +0000] "GET / HTTP/1.0" 200 16348 "-" "Mozilla/5.0 (Windows NT 10.0; Win64; x64; rv:75.0) Gecko/20100101 Firefox/75.0"
69.212.60.245 - - [18/Apr/2020:22:32:10 +0000] "GET /static/admin/css/fonts.css HTTP/1.0" 404 2033 "http://dvateam128.webfactional.com/" "Mozilla/5.0 (Windows NT 10.0; Win64; x64; rv:75.0) Gecko/20100101 Firefox/75.0"
69.212.60.245 - - [18/Apr/2020:22:33:11 +0000] "GET / HTTP/1.0" 200 16348 "-" "Mozilla/5.0 (Windows NT 10.0; Win64; x64; rv:75.0) Gecko/20100101 Firefox/75.0"
69.212.60.245 - - [18/Apr/2020:22:33:11 +0000] "GET /static/admin/css/fonts.css HTTP/1.0" 404 2033 "http://dvateam128.webfactional.com/" "Mozilla/5.0 (Windows NT 10.0; Win64; x64; rv:75.0) Gecko/20100101 Firefox/75.0"
69.212.60.245 - - [18/Apr/2020:22:33:16 +0000] "GET /hello HTTP/1.0" 404 1970 "-" "Mozilla/5.0 (Windows NT 10.0; Win64; x64; rv:75.0) Gecko/20100101 Firefox/75.0"
69.212.60.245 - - [18/Apr/2020:22:33:17 +0000] "GET /favicon.ico HTTP/1.0" 404 1988 "-" "Mozilla/5.0 (Windows NT 10.0; Win64; x64; rv:75.0) Gecko/20100101 Firefox/75.0"
69.212.60.245 - - [18/Apr/2020:22:33:20 +0000] "GET / HTTP/1.0" 200 16348 "-" "Mozilla/5.0 (Windows NT 10.0; Win64; x64; rv:75.0) Gecko/20100101 Firefox/75.0"
69.212.60.245 - - [18/Apr/2020:22:33:20 +0000] "GET /static/admin/css/fonts.css HTTP/1.0" 404 2033 "http://dvateam128.webfactional.com/" "Mozilla/5.0 (Windows NT 10.0; Win64; x64; rv:75.0) Gecko/20100101 Firefox/75.0"
69.212.60.245 - - [18/Apr/2020:22:33:20 +0000] "GET /favicon.ico HTTP/1.0" 404 1988 "-" "Mozilla/5.0 (Windows NT 10.0; Win64; x64; rv:75.0) Gecko/20100101 Firefox/75.0"
69.212.60.245 - - [18/Apr/2020:22:34:05 +0000] "GET / HTTP/1.0" 500 531 "-" "Mozilla/5.0 (Windows NT 10.0; Win64; x64; rv:75.0) Gecko/20100101 Firefox/75.0"
69.212.60.245 - - [18/Apr/2020:22:34:57 +0000] "GET / HTTP/1.0" 200 16348 "-" "Mozilla/5.0 (Windows NT 10.0; Win64; x64; rv:75.0) Gecko/20100101 Firefox/75.0"
69.212.60.245 - - [18/Apr/2020:22:34:58 +0000] "GET /static/admin/css/fonts.css HTTP/1.0" 404 2033 "http://dvateam128.webfactional.com/" "Mozilla/5.0 (Windows NT 10.0; Win64; x64; rv:75.0) Gecko/20100101 Firefox/75.0"
69.212.60.245 - - [18/Apr/2020:22:34:58 +0000] "GET /favicon.ico HTTP/1.0" 404 1988 "-" "Mozilla/5.0 (Windows NT 10.0; Win64; x64; rv:75.0) Gecko/20100101 Firefox/75.0"
69.212.60.245 - - [18/Apr/2020:22:40:42 +0000] "GET / HTTP/1.0" 404 2260 "-" "Mozilla/5.0 (Windows NT 10.0; Win64; x64; rv:75.0) Gecko/20100101 Firefox/75.0"
69.212.60.245 - - [18/Apr/2020:22:40:48 +0000] "GET /symbol HTTP/1.0" 301 - "-" "Mozilla/5.0 (Windows NT 10.0; Win64; x64; rv:75.0) Gecko/20100101 Firefox/75.0"
69.212.60.245 - - [18/Apr/2020:22:40:49 +0000] "GET /symbol/ HTTP/1.0" 200 10011 "-" "Mozilla/5.0 (Windows NT 10.0; Win64; x64; rv:75.0) Gecko/20100101 Firefox/75.0"
34.229.46.74 - - [18/Apr/2020:22:41:29 +0000] "GET /symbol/ HTTP/1.0" 200 10011 "-" "Slackbot-LinkExpanding 1.0 (+https://api.slack.com/robots)"
34.229.46.74 - - [18/Apr/2020:22:41:35 +0000] "GET /favicon.ico HTTP/1.0" 404 2311 "-" "Slackbot 1.0 (+https://api.slack.com/robots)"
73.78.227.197 - - [18/Apr/2020:22:41:45 +0000] "GET /robots.txt HTTP/1.0" 404 2308 "-" "Mozilla/5.0 (Windows NT 10.0; Win64; x64; rv:75.0) Gecko/20100101 Firefox/75.0"
73.78.227.197 - - [18/Apr/2020:22:41:45 +0000] "GET /symbol/ HTTP/1.0" 200 10011 "-" "Mozilla/5.0 (Windows NT 10.0; Win64; x64; rv:75.0) Gecko/20100101 Firefox/75.0"
73.78.227.197 - - [18/Apr/2020:22:41:51 +0000] "GET /favicon.ico HTTP/1.0" 404 2311 "-" "Mozilla/5.0 (Windows NT 10.0; Win64; x64; rv:75.0) Gecko/20100101 Firefox/75.0"
69.212.60.245 - - [18/Apr/2020:22:42:01 +0000] "GET /symbol/ HTTP/1.0" 200 10011 "-" "Mozilla/5.0 (Windows NT 10.0; Win64; x64; rv:75.0) Gecko/20100101 Firefox/75.0"
69.212.60.245 - - [18/Apr/2020:22:46:09 +0000] "GET /symbol HTTP/1.0" 301 - "-" "Mozilla/5.0 (iPhone; CPU iPhone OS 13_3 like Mac OS X) AppleWebKit/605.1.15 (KHTML, like Gecko) Version/13.0.4 Mobile/15E148 Safari/604.1"
69.212.60.245 - - [18/Apr/2020:22:46:09 +0000] "GET /symbol/ HTTP/1.0" 200 10011 "-" "Mozilla/5.0 (iPhone; CPU iPhone OS 13_3 like Mac OS X) AppleWebKit/605.1.15 (KHTML, like Gecko) Version/13.0.4 Mobile/15E148 Safari/604.1"
69.212.60.245 - - [18/Apr/2020:22:46:18 +0000] "GET /favicon.ico HTTP/1.0" 404 2311 "http://dvateam128.webfactional.com/symbol/" "Mozilla/5.0 (iPhone; CPU iPhone OS 13_3 like Mac OS X) AppleWebKit/605.1.15 (KHTML, like Gecko) Version/13.0.4 Mobile/15E148 Safari/604.1"
54.237.209.157 - - [18/Apr/2020:23:01:10 +0000] "GET /api/{symbol}?start_date={isoformat}end_date={isoformat} HTTP/1.0" 404 2369 "-" "Slackbot-LinkExpanding 1.0 (+https://api.slack.com/robots)"
69.212.60.245 - - [19/Apr/2020:00:51:27 +0000] "GET /api/?symbol=fb&start_date=2020-03-06&end_date=2020-03-31 HTTP/1.0" 200 1476 "-" "Mozilla/5.0 (Windows NT 10.0; Win64; x64; rv:75.0) Gecko/20100101 Firefox/75.0"
69.212.60.245 - - [19/Apr/2020:00:51:34 +0000] "GET /favicon.ico HTTP/1.0" 404 2092 "-" "Mozilla/5.0 (Windows NT 10.0; Win64; x64; rv:75.0) Gecko/20100101 Firefox/75.0"
54.172.181.133 - - [19/Apr/2020:00:52:09 +0000] "GET /api/?symbol=fb&start_date=2020-03-06&end_date=2020-03-31 HTTP/1.0" 200 1476 "-" "Slackbot-LinkExpanding 1.0 (+https://api.slack.com/robots)"
54.172.181.133 - - [19/Apr/2020:00:52:15 +0000] "GET /favicon.ico HTTP/1.0" 404 2092 "-" "Slackbot 1.0 (+https://api.slack.com/robots)"
2601:186:4400:d3c0:7493:6a60:aefd:7316 - - [19/Apr/2020:00:52:16 +0000] "GET /api/?symbol=fb&start_date=2020-03-06&end_date=2020-03-31 HTTP/1.0" 200 1476 "-" "Mozilla/5.0 (Windows NT 10.0; Win64; x64) AppleWebKit/537.36 (KHTML, like Gecko) Chrome/80.0.3987.163 Safari/537.36"
2601:186:4400:d3c0:7493:6a60:aefd:7316 - - [19/Apr/2020:00:52:23 +0000] "GET /favicon.ico HTTP/1.0" 404 2092 "http://dvateam128.webfactional.com/api/?symbol=fb&start_date=2020-03-06&end_date=2020-03-31" "Mozilla/5.0 (Windows NT 10.0; Win64; x64) AppleWebKit/537.36 (KHTML, like Gecko) Chrome/80.0.3987.163 Safari/537.36"
69.212.60.245 - - [19/Apr/2020:00:52:32 +0000] "GET /api/?symbol=fb&start_date=2020-03-06&end_date=2020-03-31 HTTP/1.0" 200 1476 "-" "Mozilla/5.0 (Windows NT 10.0; Win64; x64; rv:75.0) Gecko/20100101 Firefox/75.0"
2601:186:4400:d3c0:7493:6a60:aefd:7316 - - [19/Apr/2020:00:52:44 +0000] "GET /api/?symbol=tsla&start_date=2020-03-06&end_date=2020-03-31 HTTP/1.0" 200 1506 "-" "Mozilla/5.0 (Windows NT 10.0; Win64; x64) AppleWebKit/537.36 (KHTML, like Gecko) Chrome/80.0.3987.163 Safari/537.36"
2601:186:4400:d3c0:7493:6a60:aefd:7316 - - [19/Apr/2020:01:03:29 +0000] "GET /api/?symbol=fb&start_date=2020-03-06&end_date=2020-03-31 HTTP/1.0" 200 1476 "-" "Mozilla/5.0 (Windows NT 10.0; Win64; x64) AppleWebKit/537.36 (KHTML, like Gecko) Chrome/80.0.3987.163 Safari/537.36"
54.237.209.157 - - [19/Apr/2020:01:03:51 +0000] "GET / HTTP/1.0" 404 2041 "-" "Slackbot-LinkExpanding 1.0 (+https://api.slack.com/robots)"
2601:186:4400:d3c0:7493:6a60:aefd:7316 - - [19/Apr/2020:01:03:53 +0000] "GET / HTTP/1.0" 404 2041 "-" "Mozilla/5.0 (Windows NT 10.0; Win64; x64) AppleWebKit/537.36 (KHTML, like Gecko) Chrome/80.0.3987.163 Safari/537.36"
2601:186:4400:d3c0:7493:6a60:aefd:7316 - - [19/Apr/2020:01:50:56 +0000] "GET /api/?symbol=fb&start_date=2020-03-06&end_date=2020-03-31 HTTP/1.0" 200 1476 "-" "Mozilla/5.0 (Windows NT 10.0; Win64; x64) AppleWebKit/537.36 (KHTML, like Gecko) Chrome/80.0.3987.163 Safari/537.36"
127.0.0.1, 73.219.58.88 - - [19/Apr/2020:01:52:00 +0000] "GET /api?symbol=tsla&start_date=2020-01-18&end_date=2020-04-18 HTTP/1.0" 301 - "http://localhost:3001/Charts" "Mozilla/5.0 (Windows NT 10.0; Win64; x64) AppleWebKit/537.36 (KHTML, like Gecko) Chrome/80.0.3987.163 Safari/537.36"
127.0.0.1, 73.219.58.88 - - [19/Apr/2020:01:52:00 +0000] "GET /api/?symbol=tsla&start_date=2020-01-18&end_date=2020-04-18 HTTP/1.0" 200 4720 "http://localhost:3001/Charts" "Mozilla/5.0 (Windows NT 10.0; Win64; x64) AppleWebKit/537.36 (KHTML, like Gecko) Chrome/80.0.3987.163 Safari/537.36"
2601:186:4400:d3c0:7493:6a60:aefd:7316 - - [19/Apr/2020:02:01:26 +0000] "GET /api/?symbol=tsla&start_date=2020-01-18&end_date=2020-04-18 HTTP/1.0" 200 4720 "http://localhost:3001/Charts" "Mozilla/5.0 (Windows NT 10.0; Win64; x64) AppleWebKit/537.36 (KHTML, like Gecko) Chrome/80.0.3987.163 Safari/537.36"
2601:186:4400:d3c0:7493:6a60:aefd:7316 - - [19/Apr/2020:02:06:32 +0000] "GET /api/?symbol=tsla&start_date=2020-01-18&end_date=2020-04-18 HTTP/1.0" 200 4720 "http://localhost:3001/Charts" "Mozilla/5.0 (Windows NT 10.0; Win64; x64) AppleWebKit/537.36 (KHTML, like Gecko) Chrome/80.0.3987.163 Safari/537.36"
2601:186:4400:d3c0:7493:6a60:aefd:7316 - - [19/Apr/2020:02:07:15 +0000] "GET /api/?symbol=tsla&start_date=2020-01-18&end_date=2020-04-18 HTTP/1.0" 200 4720 "-" "Mozilla/5.0 (Windows NT 10.0; Win64; x64) AppleWebKit/537.36 (KHTML, like Gecko) Chrome/80.0.3987.163 Safari/537.36"
2601:186:4400:d3c0:7493:6a60:aefd:7316 - - [19/Apr/2020:02:07:39 +0000] "GET /api/?symbol=tsla&start_date=2020-01-18&end_date=2020-04-18 HTTP/1.0" 200 4720 "-" "Mozilla/5.0 (Windows NT 10.0; Win64; x64) AppleWebKit/537.36 (KHTML, like Gecko) Chrome/80.0.3987.163 Safari/537.36"
2601:186:4400:d3c0:7493:6a60:aefd:7316 - - [19/Apr/2020:02:08:50 +0000] "GET /api/?symbol=tsla&start_date=2020-01-18&end_date=2020-04-18 HTTP/1.0" 200 4720 "http://localhost:3001/Charts" "Mozilla/5.0 (Windows NT 10.0; Win64; x64) AppleWebKit/537.36 (KHTML, like Gecko) Chrome/80.0.3987.163 Safari/537.36"
34.201.215.6 - - [19/Apr/2020:02:10:54 +0000] "GET /api/?symbol=tsla&start_date=2020-01-18&end_date=2020-04-18 HTTP/1.0" 200 4720 "-" "Slackbot-LinkExpanding 1.0 (+https://api.slack.com/robots)"
3.84.220.185 - - [19/Apr/2020:02:11:01 +0000] "GET /favicon.ico HTTP/1.0" 404 2092 "-" "Slackbot 1.0 (+https://api.slack.com/robots)"
2601:186:4400:d3c0:7493:6a60:aefd:7316 - - [19/Apr/2020:02:11:43 +0000] "GET /api/?symbol=tsla&start_date=2020-01-18&end_date=2020-04-18 HTTP/1.0" 200 4720 "http://localhost:3001/Charts" "Mozilla/5.0 (Windows NT 10.0; Win64; x64) AppleWebKit/537.36 (KHTML, like Gecko) Chrome/80.0.3987.163 Safari/537.36"
69.212.60.245 - - [19/Apr/2020:02:18:20 +0000] "GET /api/?symbol=tsla&start_date=2020-01-18&end_date=2020-04-18 HTTP/1.0" 200 4720 "-" "Mozilla/5.0 (Windows NT 10.0; Win64; x64; rv:75.0) Gecko/20100101 Firefox/75.0"
69.212.60.245 - - [19/Apr/2020:02:44:55 +0000] "GET /api/?symbol=aapl&start_date=2020-03-06&end_date=2020-03-31 HTTP/1.0" 200 1512 "-" "Mozilla/5.0 (Windows NT 10.0; Win64; x64; rv:75.0) Gecko/20100101 Firefox/75.0"
69.212.60.245 - - [19/Apr/2020:02:45:02 +0000] "GET /favicon.ico HTTP/1.0" 404 2092 "-" "Mozilla/5.0 (Windows NT 10.0; Win64; x64; rv:75.0) Gecko/20100101 Firefox/75.0"
2601:186:4400:d3c0:7493:6a60:aefd:7316 - - [19/Apr/2020:02:55:30 +0000] "GET /api?symbol=tsla&start_date=2020-01-18&end_date=2020-04-18 HTTP/1.0" 301 - "http://localhost:3001/Indicators" "Mozilla/5.0 (Windows NT 10.0; Win64; x64) AppleWebKit/537.36 (KHTML, like Gecko) Chrome/80.0.3987.163 Safari/537.36"
2601:186:4400:d3c0:7493:6a60:aefd:7316 - - [19/Apr/2020:02:55:30 +0000] "GET /api/?symbol=tsla&start_date=2020-01-18&end_date=2020-04-18 HTTP/1.0" 200 4720 "http://localhost:3001/Indicators" "Mozilla/5.0 (Windows NT 10.0; Win64; x64) AppleWebKit/537.36 (KHTML, like Gecko) Chrome/80.0.3987.163 Safari/537.36"
54.91.224.118 - - [19/Apr/2020:02:57:52 +0000] "GET /api/analysis?symbol=tsla&start_date=2020-01-18&end_date=2020-04-18 HTTP/1.0" 200 4720 "-" "Slackbot-LinkExpanding 1.0 (+https://api.slack.com/robots)"
54.91.224.118 - - [19/Apr/2020:02:57:58 +0000] "GET /favicon.ico HTTP/1.0" 404 2092 "-" "Slackbot 1.0 (+https://api.slack.com/robots)"
69.212.60.245 - - [19/Apr/2020:03:19:24 +0000] "GET /api/?symbol=tsla&start_date=2020-01-18&end_date=2020-04-18 HTTP/1.0" 200 4720 "-" "Mozilla/5.0 (Windows NT 10.0; Win64; x64; rv:75.0) Gecko/20100101 Firefox/75.0"
69.212.60.245 - - [19/Apr/2020:03:20:57 +0000] "GET /api/analysis?symbol=aapl&start_date=2020-03-06&end_date=2020-03-31 HTTP/1.0" 200 1512 "-" "Mozilla/5.0 (Windows NT 10.0; Win64; x64; rv:75.0) Gecko/20100101 Firefox/75.0"
3.84.220.185 - - [19/Apr/2020:03:21:09 +0000] "GET /api/analysis?symbol=aapl&start_date=2020-03-06&end_date=2020-03-31 HTTP/1.0" 200 1512 "-" "Slackbot-LinkExpanding 1.0 (+https://api.slack.com/robots)"
3.84.220.185 - - [19/Apr/2020:03:21:15 +0000] "GET /favicon.ico HTTP/1.0" 404 2092 "-" "Slackbot 1.0 (+https://api.slack.com/robots)"
2601:186:4400:d3c0:7493:6a60:aefd:7316 - - [19/Apr/2020:04:08:35 +0000] "GET /api/analysis?symbol=aapl&start_date=2020-03-06&end_date=2020-03-31 HTTP/1.0" 200 1512 "-" "Mozilla/5.0 (Windows NT 10.0; Win64; x64) AppleWebKit/537.36 (KHTML, like Gecko) Chrome/80.0.3987.163 Safari/537.36"
2601:186:4400:d3c0:7493:6a60:aefd:7316 - - [19/Apr/2020:04:29:16 +0000] "GET /api/analysis?symbol=&start_date=2020-01-19&end_date=2020-04-19 HTTP/1.0" 200 114 "http://localhost:3001/Strategies" "Mozilla/5.0 (Windows NT 10.0; Win64; x64) AppleWebKit/537.36 (KHTML, like Gecko) Chrome/80.0.3987.163 Safari/537.36"
2601:186:4400:d3c0:7493:6a60:aefd:7316 - - [19/Apr/2020:04:35:07 +0000] "GET /api/analysis?symbol=tsla&start_date=2020-01-19&end_date=2020-04-19 HTTP/1.0" 200 4720 "http://localhost:3001/Strategies" "Mozilla/5.0 (Windows NT 10.0; Win64; x64) AppleWebKit/537.36 (KHTML, like Gecko) Chrome/80.0.3987.163 Safari/537.36"
2601:186:4400:d3c0:7493:6a60:aefd:7316 - - [19/Apr/2020:04:36:59 +0000] "GET /api/analysis?symbol=fb&start_date=2020-01-19&end_date=2020-04-19 HTTP/1.0" 200 4642 "http://localhost:3001/Strategies" "Mozilla/5.0 (Windows NT 10.0; Win64; x64) AppleWebKit/537.36 (KHTML, like Gecko) Chrome/80.0.3987.163 Safari/537.36"
2601:186:4400:d3c0:7493:6a60:aefd:7316 - - [19/Apr/2020:04:38:03 +0000] "GET /api/analysis?symbol=tsla&start_date=2020-01-19&end_date=2020-04-19 HTTP/1.0" 200 4720 "http://localhost:3001/Strategies" "Mozilla/5.0 (Windows NT 10.0; Win64; x64) AppleWebKit/537.36 (KHTML, like Gecko) Chrome/80.0.3987.163 Safari/537.36"
2601:186:4400:d3c0:7493:6a60:aefd:7316 - - [19/Apr/2020:04:58:13 +0000] "GET /api/?symbol=tsla&start_date=2020-03-06&end_date=2020-03-31 HTTP/1.0" 404 2347 "-" "Mozilla/5.0 (Windows NT 10.0; Win64; x64) AppleWebKit/537.36 (KHTML, like Gecko) Chrome/80.0.3987.163 Safari/537.36"
2601:186:4400:d3c0:7493:6a60:aefd:7316 - - [19/Apr/2020:04:58:18 +0000] "GET /api/?symbol=tsla&start_date=2020-03-06&end_date=2020-03-31 HTTP/1.0" 404 2347 "-" "Mozilla/5.0 (Windows NT 10.0; Win64; x64) AppleWebKit/537.36 (KHTML, like Gecko) Chrome/81.0.4044.113 Safari/537.36 Edg/81.0.416.58"
2601:186:4400:d3c0:7493:6a60:aefd:7316 - - [19/Apr/2020:04:58:18 +0000] "GET /robots.txt HTTP/1.0" 404 2089 "-" "Mozilla/5.0 (Windows NT 10.0; Win64; x64) AppleWebKit/537.36 (KHTML, like Gecko) Chrome/81.0.4044.113 Safari/537.36 Edg/81.0.416.58"
2601:186:4400:d3c0:7493:6a60:aefd:7316 - - [19/Apr/2020:04:58:18 +0000] "GET /favicon.ico HTTP/1.0" 404 2092 "http://dvateam128.webfactional.com/api/?symbol=tsla&start_date=2020-03-06&end_date=2020-03-31" "Mozilla/5.0 (Windows NT 10.0; Win64; x64) AppleWebKit/537.36 (KHTML, like Gecko) Chrome/81.0.4044.113 Safari/537.36 Edg/81.0.416.58"
2601:186:4400:d3c0:7493:6a60:aefd:7316 - - [19/Apr/2020:05:00:33 +0000] "GET /api/symbol/example HTTP/1.0" 404 2327 "-" "Mozilla/5.0 (Windows NT 10.0; Win64; x64) AppleWebKit/537.36 (KHTML, like Gecko) Chrome/81.0.4044.113 Safari/537.36 Edg/81.0.416.58"
69.212.60.245 - - [19/Apr/2020:05:59:19 +0000] "GET /api/analysis/example HTTP/1.0" 404 2508 "-" "Mozilla/5.0 (Windows NT 10.0; Win64; x64; rv:75.0) Gecko/20100101 Firefox/75.0"
69.212.60.245 - - [19/Apr/2020:05:59:31 +0000] "GET /api/api/analysis/example HTTP/1.0" 500 67430 "-" "Mozilla/5.0 (Windows NT 10.0; Win64; x64; rv:75.0) Gecko/20100101 Firefox/75.0"
69.212.60.245 - - [19/Apr/2020:06:00:05 +0000] "GET /api/api/analysis/example HTTP/1.0" 500 68203 "-" "Mozilla/5.0 (Windows NT 10.0; Win64; x64; rv:75.0) Gecko/20100101 Firefox/75.0"
69.212.60.245 - - [19/Apr/2020:06:00:49 +0000] "GET /api/api/analysis/example HTTP/1.0" 500 68068 "-" "Mozilla/5.0 (Windows NT 10.0; Win64; x64; rv:75.0) Gecko/20100101 Firefox/75.0"
69.212.60.245 - - [19/Apr/2020:06:02:08 +0000] "GET /api/api/analysis/example HTTP/1.0" 200 44614 "-" "Mozilla/5.0 (Windows NT 10.0; Win64; x64; rv:75.0) Gecko/20100101 Firefox/75.0"
69.212.60.245 - - [19/Apr/2020:06:03:42 +0000] "GET /api/analysis/example HTTP/1.0" 404 2508 "-" "Mozilla/5.0 (Windows NT 10.0; Win64; x64; rv:75.0) Gecko/20100101 Firefox/75.0"
69.212.60.245 - - [19/Apr/2020:15:21:55 +0000] "GET /api/analysis/example HTTP/1.0" 404 2508 "-" "Mozilla/5.0 (Windows NT 10.0; Win64; x64; rv:75.0) Gecko/20100101 Firefox/75.0"
69.212.60.245 - - [19/Apr/2020:15:21:55 +0000] "GET /favicon.ico HTTP/1.0" 404 2092 "-" "Mozilla/5.0 (Windows NT 10.0; Win64; x64; rv:75.0) Gecko/20100101 Firefox/75.0"
69.212.60.245 - - [19/Apr/2020:15:22:11 +0000] "GET /api/analysis/example HTTP/1.0" 404 2508 "-" "Mozilla/5.0 (Windows NT 10.0; Win64; x64; rv:75.0) Gecko/20100101 Firefox/75.0"
69.212.60.245 - - [19/Apr/2020:15:42:08 +0000] "GET /api/analysis/example HTTP/1.0" 404 2508 "-" "Mozilla/5.0 (Windows NT 10.0; Win64; x64; rv:75.0) Gecko/20100101 Firefox/75.0"
2601:186:4400:d3c0:b10d:2d72:a3c3:4153 - - [19/Apr/2020:15:45:47 +0000] "GET /api/?symbol=tsla&start_date=2020-03-06&end_date=2020-03-31 HTTP/1.0" 404 2522 "-" "Mozilla/5.0 (Windows NT 10.0; Win64; x64) AppleWebKit/537.36 (KHTML, like Gecko) Chrome/80.0.3987.163 Safari/537.36"
69.212.60.245 - - [19/Apr/2020:18:18:23 +0000] "GET /api/?symbol=fb&start_date=2020-03-06&end_date=2020-03-31 HTTP/1.0" 404 2520 "-" "Mozilla/5.0 (Windows NT 10.0; Win64; x64; rv:75.0) Gecko/20100101 Firefox/75.0"
69.212.60.245 - - [19/Apr/2020:18:18:24 +0000] "GET /favicon.ico HTTP/1.0" 404 2092 "-" "Mozilla/5.0 (Windows NT 10.0; Win64; x64; rv:75.0) Gecko/20100101 Firefox/75.0"
69.212.60.245 - - [19/Apr/2020:18:18:39 +0000] "GET /api/%20analysis$?symbol=fb&start_date=2020-03-06&end_date=2020-03-31 HTTP/1.0" 404 2552 "-" "Mozilla/5.0 (Windows NT 10.0; Win64; x64; rv:75.0) Gecko/20100101 Firefox/75.0"
69.212.60.245 - - [19/Apr/2020:18:18:41 +0000] "GET /api/%20analysis?symbol=fb&start_date=2020-03-06&end_date=2020-03-31 HTTP/1.0" 200 1476 "-" "Mozilla/5.0 (Windows NT 10.0; Win64; x64; rv:75.0) Gecko/20100101 Firefox/75.0"
69.212.60.245 - - [19/Apr/2020:18:18:46 +0000] "GET /api/analysis?symbol=fb&start_date=2020-03-06&end_date=2020-03-31 HTTP/1.0" 200 1476 "-" "Mozilla/5.0 (Windows NT 10.0; Win64; x64; rv:75.0) Gecko/20100101 Firefox/75.0"
69.212.60.245 - - [19/Apr/2020:18:20:00 +0000] "GET /api/analysis?symbol=aapl&start_date=2020-03-06&end_date=2020-03-31 HTTP/1.0" 200 1512 "-" "Mozilla/5.0 (Windows NT 10.0; Win64; x64; rv:75.0) Gecko/20100101 Firefox/75.0"
69.212.60.245 - - [19/Apr/2020:18:30:22 +0000] "GET /api/analysis?symbol=aapl&start_date=2019-04-15&end_date=2020-04-15 HTTP/1.0" 200 19939 "-" "Mozilla/5.0 (Windows NT 10.0; Win64; x64; rv:75.0) Gecko/20100101 Firefox/75.0"
3.92.190.132 - - [19/Apr/2020:18:33:15 +0000] "GET /api/analysis?symbol=aapl&start_date=2019-04-15&end_date=2020-04-15 HTTP/1.0" 200 19939 "-" "Slackbot-LinkExpanding 1.0 (+https://api.slack.com/robots)"
3.92.190.132 - - [19/Apr/2020:18:33:21 +0000] "GET /favicon.ico HTTP/1.0" 404 2092 "-" "Slackbot 1.0 (+https://api.slack.com/robots)"
2601:186:4400:d3c0:b10d:2d72:a3c3:4153 - - [19/Apr/2020:18:35:44 +0000] "GET /api/analysis/example?symbol=tsla&start_date=2020-01-19&end_date=2020-04-19 HTTP/1.0" 404 2570 "http://localhost:3001/indicators" "Mozilla/5.0 (Windows NT 10.0; Win64; x64) AppleWebKit/537.36 (KHTML, like Gecko) Chrome/80.0.3987.163 Safari/537.36"
2601:186:4400:d3c0:b10d:2d72:a3c3:4153 - - [19/Apr/2020:18:37:35 +0000] "GET /api/api/analysis/example?symbol=tsla&start_date=2020-01-19&end_date=2020-04-19 HTTP/1.0" 200 44614 "http://localhost:3001/indicators" "Mozilla/5.0 (Windows NT 10.0; Win64; x64) AppleWebKit/537.36 (KHTML, like Gecko) Chrome/80.0.3987.163 Safari/537.36"
2601:186:4400:d3c0:b10d:2d72:a3c3:4153 - - [19/Apr/2020:18:38:11 +0000] "GET /api/api/analysis/example?symbol=fb&start_date=2020-01-19&end_date=2020-04-19 HTTP/1.0" 200 44614 "http://localhost:3001/indicators" "Mozilla/5.0 (Windows NT 10.0; Win64; x64) AppleWebKit/537.36 (KHTML, like Gecko) Chrome/80.0.3987.163 Safari/537.36"
2601:186:4400:d3c0:b10d:2d72:a3c3:4153 - - [19/Apr/2020:18:40:36 +0000] "GET /api/api/analysis/example?symbol=appl&start_date=2020-01-19&end_date=2020-04-19 HTTP/1.0" 200 44614 "http://localhost:5000/indicators" "Mozilla/5.0 (Windows NT 10.0; Win64; x64) AppleWebKit/537.36 (KHTML, like Gecko) Chrome/80.0.3987.163 Safari/537.36"
69.212.60.245 - - [19/Apr/2020:19:02:42 +0000] "GET /api/analysis?symbol=aapl&start_date=2020-03-15&end_date=2020-04-15 HTTP/1.0" 200 1742 "-" "Mozilla/5.0 (Windows NT 10.0; Win64; x64; rv:75.0) Gecko/20100101 Firefox/75.0"
3.84.220.185 - - [19/Apr/2020:19:03:21 +0000] "GET /api/analysis?symbol=aapl&start_date=2020-03-06&end_date=2020-03-31 HTTP/1.0" 200 1512 "-" "Slackbot-LinkExpanding 1.0 (+https://api.slack.com/robots)"
3.84.220.185 - - [19/Apr/2020:19:03:27 +0000] "GET /favicon.ico HTTP/1.0" 404 2092 "-" "Slackbot 1.0 (+https://api.slack.com/robots)"
69.212.60.245 - - [19/Apr/2020:19:03:49 +0000] "GET /api/analysis/example HTTP/1.0" 200 44614 "-" "Mozilla/5.0 (Windows NT 10.0; Win64; x64; rv:75.0) Gecko/20100101 Firefox/75.0"
2601:186:4400:d3c0:5dd3:268c:5619:8306 - - [19/Apr/2020:19:08:01 +0000] "GET /api/analysis?symbol=aapl&start_date=2020-03-06&end_date=2020-03-31 HTTP/1.0" 200 1512 "android-app://com.Slack" "Mozilla/5.0 (Linux; Android 9; SM-G950U) AppleWebKit/537.36 (KHTML, like Gecko) Chrome/80.0.3987.162 Mobile Safari/537.36"
2601:186:4400:d3c0:5dd3:268c:5619:8306 - - [19/Apr/2020:19:08:07 +0000] "GET /favicon.ico HTTP/1.0" 404 2092 "http://dvateam128.webfactional.com/api/analysis?symbol=aapl&start_date=2020-03-06&end_date=2020-03-31" "Mozilla/5.0 (Linux; Android 9; SM-G950U) AppleWebKit/537.36 (KHTML, like Gecko) Chrome/80.0.3987.162 Mobile Safari/537.36"
2601:186:4400:d3c0:5dd3:268c:5619:8306 - - [19/Apr/2020:19:08:13 +0000] "GET /api/analysis?symbol=aapl&start_date=2020-03-06&end_date=2020-03-31 HTTP/1.0" 200 1512 "android-app://com.Slack" "Mozilla/5.0 (Linux; Android 9; SM-G950U) AppleWebKit/537.36 (KHTML, like Gecko) Chrome/80.0.3987.162 Mobile Safari/537.36"
2601:186:4400:d3c0:5dd3:268c:5619:8306 - - [19/Apr/2020:19:08:32 +0000] "GET /api/analysis/example HTTP/1.0" 200 44614 "-" "Mozilla/5.0 (Linux; Android 9; SM-G950U) AppleWebKit/537.36 (KHTML, like Gecko) Chrome/80.0.3987.162 Mobile Safari/537.36"
54.88.24.9 - - [19/Apr/2020:19:08:54 +0000] "GET /api/analysis/example HTTP/1.0" 200 44614 "-" "Slackbot-LinkExpanding 1.0 (+https://api.slack.com/robots)"
54.88.24.9 - - [19/Apr/2020:19:08:54 +0000] "GET /favicon.ico HTTP/1.0" 404 2092 "-" "Slackbot 1.0 (+https://api.slack.com/robots)"
69.212.60.245 - - [19/Apr/2020:19:19:37 +0000] "GET /api/analysis?symbol=aapl&start_date=2020-03-15&end_date=2020-04-15 HTTP/1.0" 200 1742 "-" "Mozilla/5.0 (Windows NT 10.0; Win64; x64; rv:75.0) Gecko/20100101 Firefox/75.0"
69.212.60.245 - - [19/Apr/2020:19:19:59 +0000] "GET /api/matt?symbol=aapl&start_date=2019-04-15&end_date=2020-04-15 HTTP/1.0" 500 78487 "-" "Mozilla/5.0 (Windows NT 10.0; Win64; x64; rv:75.0) Gecko/20100101 Firefox/75.0"
69.212.60.245 - - [19/Apr/2020:19:28:48 +0000] "GET /api/analysis/example HTTP/1.0" 200 44614 "-" "Mozilla/5.0 (Windows NT 10.0; Win64; x64; rv:75.0) Gecko/20100101 Firefox/75.0"
69.212.60.245 - - [19/Apr/2020:19:28:48 +0000] "GET /favicon.ico HTTP/1.0" 404 2092 "-" "Mozilla/5.0 (Windows NT 10.0; Win64; x64; rv:75.0) Gecko/20100101 Firefox/75.0"
69.212.60.245 - - [19/Apr/2020:19:28:54 +0000] "GET /api/analysis/example HTTP/1.0" 200 44614 "-" "Mozilla/5.0 (Windows NT 10.0; Win64; x64; rv:75.0) Gecko/20100101 Firefox/75.0"
69.212.60.245 - - [19/Apr/2020:19:31:53 +0000] "GET /api/matt?symbol=aapl&start_date=2019-04-15&end_date=2020-04-15 HTTP/1.0" 500 78622 "-" "Mozilla/5.0 (Windows NT 10.0; Win64; x64; rv:75.0) Gecko/20100101 Firefox/75.0"
69.212.60.245 - - [19/Apr/2020:19:41:45 +0000] "GET /api/analysis/example HTTP/1.0" 200 44614 "-" "Mozilla/5.0 (Windows NT 10.0; Win64; x64; rv:75.0) Gecko/20100101 Firefox/75.0"
69.212.60.245 - - [19/Apr/2020:19:41:45 +0000] "GET /favicon.ico HTTP/1.0" 404 2092 "-" "Mozilla/5.0 (Windows NT 10.0; Win64; x64; rv:75.0) Gecko/20100101 Firefox/75.0"
69.212.60.245 - - [19/Apr/2020:20:10:05 +0000] "GET /api/matt?symbol=aapl&start_date=2019-04-15&end_date=2020-04-15 HTTP/1.0" 500 80712 "-" "Mozilla/5.0 (Windows NT 10.0; Win64; x64; rv:75.0) Gecko/20100101 Firefox/75.0"
69.212.60.245 - - [19/Apr/2020:20:10:54 +0000] "GET /api/matt?symbol=aapl&start_date=2019-04-15&end_date=2020-04-15 HTTP/1.0" 504 247 "-" "Mozilla/5.0 (Windows NT 10.0; Win64; x64; rv:75.0) Gecko/20100101 Firefox/75.0"
69.212.60.245 - - [19/Apr/2020:20:12:05 +0000] "GET /api/matt?symbol=aapl&start_date=2019-04-15&end_date=2020-04-15 HTTP/1.0" 504 247 "-" "Mozilla/5.0 (Windows NT 10.0; Win64; x64; rv:75.0) Gecko/20100101 Firefox/75.0"
69.212.60.245 - - [19/Apr/2020:20:23:56 +0000] "GET /api/analysis/example HTTP/1.0" 200 44614 "-" "Mozilla/5.0 (Windows NT 10.0; Win64; x64; rv:75.0) Gecko/20100101 Firefox/75.0"
69.212.60.245 - - [19/Apr/2020:20:23:57 +0000] "GET /favicon.ico HTTP/1.0" 404 2092 "-" "Mozilla/5.0 (Windows NT 10.0; Win64; x64; rv:75.0) Gecko/20100101 Firefox/75.0"
69.212.60.245 - - [19/Apr/2020:20:24:00 +0000] "GET /api/matt?symbol=aapl&start_date=2019-04-15&end_date=2020-04-15 HTTP/1.0" 200 34139 "-" "Mozilla/5.0 (Windows NT 10.0; Win64; x64; rv:75.0) Gecko/20100101 Firefox/75.0"
69.212.60.245 - - [19/Apr/2020:20:24:18 +0000] "GET /api/matt?symbol=aapl&start_date=2019-04-15&end_date=2020-04-15 HTTP/1.0" 200 34138 "-" "Mozilla/5.0 (Windows NT 10.0; Win64; x64; rv:75.0) Gecko/20100101 Firefox/75.0"
34.228.115.75 - - [19/Apr/2020:20:24:58 +0000] "GET /api/matt?symbol=aapl&start_date=2019-04-15&end_date=2020-04-15 HTTP/1.0" 500 531 "-" "Slackbot-LinkExpanding 1.0 (+https://api.slack.com/robots)"
54.237.209.157 - - [19/Apr/2020:20:25:08 +0000] "GET /api/matt?symbol=aapl&start_date=2019-04-15&end_date=2020-04-15 HTTP/1.0" 500 531 "-" "Slackbot-LinkExpanding 1.0 (+https://api.slack.com/robots)"
192.25.50.127 - - [19/Apr/2020:20:40:28 +0000] "GET /api/matt?symbol=aapl&start_date=2019-04-15&end_date=2020-04-15 HTTP/1.0" 500 531 "-" "Mozilla/5.0 (Windows NT 10.0; Win64; x64) AppleWebKit/537.36 (KHTML, like Gecko) Chrome/80.0.3987.163 Safari/537.36"
2601:186:4400:d3c0:b10d:2d72:a3c3:4153 - - [19/Apr/2020:21:18:50 +0000] "GET /api/api/analysis/example?symbol=tsla&start_date=2020-01-19&end_date=2020-04-19 HTTP/1.0" 404 2729 "http://localhost:5000/indicators" "Mozilla/5.0 (Windows NT 10.0; Win64; x64) AppleWebKit/537.36 (KHTML, like Gecko) Chrome/80.0.3987.163 Safari/537.36"
2601:186:4400:d3c0:b10d:2d72:a3c3:4153 - - [19/Apr/2020:21:21:07 +0000] "GET /api/?symbol=tsla&start_date=2020-03-06&end_date=2020-03-31 HTTP/1.0" 404 2669 "-" "Mozilla/5.0 (Windows NT 10.0; Win64; x64) AppleWebKit/537.36 (KHTML, like Gecko) Chrome/80.0.3987.163 Safari/537.36"
2601:186:4400:d3c0:b10d:2d72:a3c3:4153 - - [19/Apr/2020:21:21:09 +0000] "GET /api/?symbol=tsla&start_date=2020-03-06&end_date=2020-03-31 HTTP/1.0" 404 2669 "-" "Mozilla/5.0 (Windows NT 10.0; Win64; x64) AppleWebKit/537.36 (KHTML, like Gecko) Chrome/80.0.3987.163 Safari/537.36"
2601:186:4400:d3c0:b10d:2d72:a3c3:4153 - - [19/Apr/2020:21:19:07 +0000] "GET /api/api/analysis/example?symbol=tsla&start_date=2020-01-19&end_date=2020-04-19 HTTP/1.0" 500 531 "http://localhost:5000/indicators" "Mozilla/5.0 (Windows NT 10.0; Win64; x64) AppleWebKit/537.36 (KHTML, like Gecko) Chrome/80.0.3987.163 Safari/537.36"
2601:186:4400:d3c0:b10d:2d72:a3c3:4153 - - [19/Apr/2020:21:18:19 +0000] "GET /api/matt?symbol=aapl&start_date=2019-04-15&end_date=2020-04-15 HTTP/1.0" 500 531 "-" "Mozilla/5.0 (Windows NT 10.0; Win64; x64) AppleWebKit/537.36 (KHTML, like Gecko) Chrome/80.0.3987.163 Safari/537.36"
73.78.227.197 - - [19/Apr/2020:21:46:43 +0000] "GET /api/matt?symbol=aapl&start_date=2019-04-15&end_date=2020-04-15 HTTP/1.0" 200 34151 "-" "Mozilla/5.0 (Windows NT 10.0; Win64; x64; rv:75.0) Gecko/20100101 Firefox/75.0"
3.84.220.185 - - [19/Apr/2020:21:49:57 +0000] "GET /api/matt?symbol=aapl&start_date=2019-04-15&end_date=2020-04-15 HTTP/1.0" 500 531 "-" "Slackbot-LinkExpanding 1.0 (+https://api.slack.com/robots)"
3.84.220.185 - - [19/Apr/2020:21:50:07 +0000] "GET /api/matt?symbol=aapl&start_date=2019-04-15&end_date=2020-04-15 HTTP/1.0" 500 531 "-" "Slackbot-LinkExpanding 1.0 (+https://api.slack.com/robots)"
